[omsaiholiday.in/index.html]
[backblue.gif]
[fade.gif]
[index.html]
[omsaiholiday.in/manifest.webmanifest]
[img1.wsimg.com/isteam/ip/3daa5815-0fe6-4f9a-bbb0-261ebba05105/collage-from-picmyna (1).jpg]
[omsaiholiday.in/sw.js]
[omsaiholiday.in/contact-us.html]
[omsaiholiday.in/privacy-policy.html]
[img1.wsimg.com/blobby/go/3daa5815-0fe6-4f9a-bbb0-261ebba05105/gpub/ba156af7d25db3a5/script.js]
[img1.wsimg.com/blobby/go/3daa5815-0fe6-4f9a-bbb0-261ebba05105/gpub/476a03d26797f100/script.js]
[omsaiholiday.in/index.html]
[omsaiholiday.in/contact-us.html]
[img1.wsimg.com/blobby/go/3daa5815-0fe6-4f9a-bbb0-261ebba05105/gpub/61901b897ddb988b/script.js]
[img1.wsimg.com/blobby/go/3daa5815-0fe6-4f9a-bbb0-261ebba05105/gpub/e60446e06e5e1189/script.js]
[img1.wsimg.com/poly/v3/polyfill.min6ee5.js]
[img1.wsimg.com/ceph-p3-01/website-builder-data-prod/static/widgets/UX.4.30.4.js]
[img1.wsimg.com/blobby/go/3daa5815-0fe6-4f9a-bbb0-261ebba05105/gpub/9313bb08064737c7/script.js]
[img1.wsimg.com/blobby/go/3daa5815-0fe6-4f9a-bbb0-261ebba05105/gpub/24a59281d945b6b1/script.js]
[omsaiholiday.in/privacy-policy.html]
[img1.wsimg.com/traffic-assets/js/tccl.min.html]
